
> person@0.0.0 build
> tsc -b && vite build

src/App.tsx(1,8): error TS6133: 'React' is declared but its value is never read.
src/components/Dashboard.tsx(10,3): error TS6133: 'Briefcase' is declared but its value is never read.
src/components/Dashboard.tsx(12,3): error TS6133: 'Layers' is declared but its value is never read.
src/components/Dashboard.tsx(17,3): error TS6133: 'ClipboardList' is declared but its value is never read.
src/components/Dashboard.tsx(18,3): error TS6133: 'FileText' is declared but its value is never read.
src/components/Dashboard.tsx(19,3): error TS6133: 'Settings' is declared but its value is never read.
src/components/Dashboard.tsx(20,3): error TS6133: 'PieChart' is declared but its value is never read.
src/components/Dashboard.tsx(32,1): error TS6133: 'JobList' is declared but its value is never read.
src/components/Dashboard.tsx(34,1): error TS6133: 'GroupList' is declared but its value is never read.
src/components/Dashboard.tsx(36,1): error TS6133: 'ShiftList' is declared but its value is never read.
src/components/Dashboard.tsx(37,1): error TS6133: 'HolidayList' is declared but its value is never read.
src/components/Dashboard.tsx(39,1): error TS6133: 'TaskList' is declared but its value is never read.
src/components/Dashboard.tsx(41,1): error TS6133: 'TaskDetailList' is declared but its value is never read.
src/components/Dashboard.tsx(43,1): error TS6133: 'NovedadList' is declared but its value is never read.
src/components/Dashboard.tsx(46,1): error TS6133: 'RoleList' is declared but its value is never read.
src/components/Dashboard.tsx(48,1): error TS6133: 'UserProfileList' is declared but its value is never read.
src/components/Dashboard.tsx(50,1): error TS6133: 'AccessLogList' is declared but its value is never read.
src/components/EmployeeForm.tsx(3,34): error TS6133: 'User' is declared but its value is never read.
src/components/GroupList.tsx(3,18): error TS6133: 'MoreVertical' is declared but its value is never read.
src/components/JobList.tsx(3,46): error TS6133: 'MoreVertical' is declared but its value is never read.
src/components/ProgramacionForm.tsx(3,13): error TS6133: 'Save' is declared but its value is never read.
src/components/ProgramacionList.tsx(3,67): error TS6133: 'Target' is declared but its value is never read.
src/components/RoleForm.tsx(90,11): error TS7034: Variable 'newModPerms' implicitly has type 'any[]' in some locations where its type cannot be determined.
src/components/RoleForm.tsx(110,23): error TS7005: Variable 'newModPerms' implicitly has an 'any[]' type.
src/components/ShiftList.tsx(13,10): error TS6133: 'loading' is declared but its value is never read.
